
Memory Configuration

Name             Origin             Length             Attributes
flash            0x00000000         0x00040000         xr
sram             0x20000000         0x00010000         xrw
*default*        0x00000000         0xffffffff

Linker script and memory map


.text           0x00000000      0x52e
 *(.vectors*)
 .vectors       0x00000000       0x1c startup.o
                0x00000000                stack
 *(.text*)
 .text          0x0000001c       0xb8 App.o
                0x0000001c                main
 .text          0x000000d4       0x30 bsp.o
                0x000000d4                uart0_putchar
 .text          0x00000104       0x90 startup.o
                0x00000104                Bus_fault
                0x00000104                Usage_fault_Handler
                0x00000104                Default_Handler
                0x00000104                NM_fault_Handler
                0x00000104                H_fault_Handler
                0x00000104                NMI_Handler
                0x00000110                reset_Handler
 .text          0x00000194      0x320 uart.o
                0x00000194                tostring
                0x00000234                delay_ms
                0x0000025a                uart0_init
                0x00000324                print
                0x00000350                print_ibin
                0x000003a8                print_ihex
                0x0000044c                print_idec
 *(.rodata)
 .rodata        0x000004b4       0x57 App.o
 *fill*         0x0000050b        0x1 
 .rodata        0x0000050c       0x22 uart.o
                0x0000052e                _E_text = .

.glue_7         0x00000530        0x0
 .glue_7        0x00000530        0x0 linker stubs

.glue_7t        0x00000530        0x0
 .glue_7t       0x00000530        0x0 linker stubs

.vfp11_veneer   0x00000530        0x0
 .vfp11_veneer  0x00000530        0x0 linker stubs

.v4_bx          0x00000530        0x0
 .v4_bx         0x00000530        0x0 linker stubs

.iplt           0x00000530        0x0
 .iplt          0x00000530        0x0 App.o

.rel.dyn        0x00000530        0x0
 .rel.iplt      0x00000530        0x0 App.o

.data           0x20000000      0x258 load address 0x0000052e
                0x20000000                _S_data = .
 *(.data)
 .data          0x20000000      0x258 App.o
                0x20000000                string_buffer_Info
                0x20000064                string_buffer_CLK
 .data          0x20000258        0x0 bsp.o
 .data          0x20000258        0x0 startup.o
 .data          0x20000258        0x0 uart.o
                0x20000258                _E_data = .

.igot.plt       0x20000258        0x0 load address 0x00000786
 .igot.plt      0x20000258        0x0 App.o

.bss            0x20000258      0x400 load address 0x00000786
                0x20000258                _S_bss = .
 *(.bss*)
 .bss           0x20000258        0x0 App.o
 .bss           0x20000258        0x0 bsp.o
 .bss           0x20000258      0x400 startup.o
 .bss           0x20000658        0x0 uart.o
                0x20000658                . = ALIGN (0x4)
                0x20000658                _E_bss = .
LOAD App.o
LOAD bsp.o
LOAD startup.o
LOAD uart.o
OUTPUT(UART0.elf elf32-littlearm)

.debug_info     0x00000000      0xdc0
 .debug_info    0x00000000       0xc0 App.o
 .debug_info    0x000000c0       0xab bsp.o
 .debug_info    0x0000016b      0x191 startup.o
 .debug_info    0x000002fc      0xac4 uart.o

.debug_abbrev   0x00000000      0x400
 .debug_abbrev  0x00000000       0x6e App.o
 .debug_abbrev  0x0000006e       0x60 bsp.o
 .debug_abbrev  0x000000ce       0xdc startup.o
 .debug_abbrev  0x000001aa      0x256 uart.o

.debug_aranges  0x00000000       0x80
 .debug_aranges
                0x00000000       0x20 App.o
 .debug_aranges
                0x00000020       0x20 bsp.o
 .debug_aranges
                0x00000040       0x20 startup.o
 .debug_aranges
                0x00000060       0x20 uart.o

.debug_line     0x00000000      0x450
 .debug_line    0x00000000       0x4d App.o
 .debug_line    0x0000004d      0x112 bsp.o
 .debug_line    0x0000015f       0x67 startup.o
 .debug_line    0x000001c6      0x28a uart.o

.debug_str      0x00000000      0x5fd
 .debug_str     0x00000000      0x10d App.o
                                0x141 (size before relaxing)
 .debug_str     0x0000010d       0x1f bsp.o
                                0x13e (size before relaxing)
 .debug_str     0x0000012c       0x83 startup.o
                                0x194 (size before relaxing)
 .debug_str     0x000001af      0x44e uart.o
                                0x5a3 (size before relaxing)

.comment        0x00000000       0x7e
 .comment       0x00000000       0x7e App.o
                                 0x7f (size before relaxing)
 .comment       0x0000007e       0x7f bsp.o
 .comment       0x0000007e       0x7f startup.o
 .comment       0x0000007e       0x7f uart.o

.ARM.attributes
                0x00000000       0x33
 .ARM.attributes
                0x00000000       0x33 App.o
 .ARM.attributes
                0x00000033       0x33 bsp.o
 .ARM.attributes
                0x00000066       0x33 startup.o
 .ARM.attributes
                0x00000099       0x33 uart.o

.debug_frame    0x00000000      0x1d0
 .debug_frame   0x00000000       0x2c App.o
 .debug_frame   0x0000002c       0x38 bsp.o
 .debug_frame   0x00000064       0x50 startup.o
 .debug_frame   0x000000b4      0x11c uart.o
